[2026-09-05 23:21:11] Loaded module: automation.sh
[2026-09-05 23:21:11] Loaded module: core.sh
[2026-09-05 23:21:11] Loaded module: customization.sh
[2026-09-05 23:21:11] Loaded module: dev.sh
[2026-09-05 23:21:11] Loaded module: files.sh
[2026-09-05 23:21:11] Loaded module: hardware.sh
[2026-09-05 23:21:11] Loaded module: jarvis.sh
[2026-09-05 23:21:11] Loaded module: network.sh
[2026-09-05 23:21:11] Loaded module: security.sh
[2026-09-05 23:23:16] Exited
[2026-09-05 23:24:00] Loaded module: advanced.sh
[2026-09-05 23:24:00] Loaded module: automation.sh
[2026-09-05 23:24:00] Loaded module: core.sh
[2026-09-05 23:24:00] Loaded module: customization.sh
[2026-09-05 23:24:00] Loaded module: dev.sh
[2026-09-05 23:24:00] Loaded module: files.sh
[2026-09-05 23:24:00] Loaded module: hardware.sh
[2026-09-05 23:24:00] Loaded module: jarvis.sh
[2026-09-05 23:24:00] Loaded module: network.sh
[2026-09-05 23:24:00] Loaded module: security.sh
[2026-09-05 23:26:47] Exited
[2026-09-06 08:48:10] Loaded module: advanced.sh
[2026-09-06 08:48:10] Loaded module: automation.sh
[2026-09-06 08:48:10] Loaded module: core.sh
[2026-09-06 08:48:10] Loaded module: customization.sh
[2026-09-06 08:48:10] Loaded module: dev.sh
[2026-09-06 08:48:10] Loaded module: files.sh
[2026-09-06 08:48:10] Loaded module: hardware.sh
[2026-09-06 08:48:12] Loaded module: jarvis.sh
[2026-09-06 08:48:12] Loaded module: network.sh
[2026-09-06 08:48:12] Loaded module: security.sh
[2026-09-06 08:48:41] Exited
[2026-09-06 08:56:43] Loaded module: advanced.sh
[2026-09-06 08:56:43] Loaded module: automation.sh
[2026-09-06 08:56:43] Loaded module: core.sh
[2026-09-06 08:56:43] Loaded module: customization.sh
[2026-09-06 08:56:43] Loaded module: dev.sh
[2026-09-06 08:56:43] Loaded module: files.sh
[2026-09-06 08:56:44] Loaded module: hardware.sh
[2026-09-06 08:56:44] Loaded module: jarvis.sh
[2026-09-06 08:56:44] Loaded module: network.sh
[2026-09-06 08:56:44] Loaded module: security.sh
[2026-09-06 09:00:50] Exited
[2026-09-06 09:09:20] Loaded module: advanced.sh
[2026-09-06 09:09:20] Loaded module: automation.sh
[2026-09-06 09:09:20] Loaded module: core.sh
[2026-09-06 09:09:20] Loaded module: customization.sh
[2026-09-06 09:09:20] Loaded module: dev.sh
[2026-09-06 09:09:20] Loaded module: files.sh
[2026-09-06 09:09:20] Loaded module: hardware.sh
[2026-09-06 09:09:20] Loaded module: jarvis.sh
[2026-09-06 09:09:20] Loaded module: network.sh
[2026-09-06 09:09:20] Loaded module: security.sh
[2026-09-06 09:11:57] Exited
[2026-09-06 09:12:25] Loaded module: advanced.sh
[2026-09-06 09:12:25] Loaded module: automation.sh
[2026-09-06 09:12:25] Loaded module: core.sh
[2026-09-06 09:12:25] Loaded module: customization.sh
[2026-09-06 09:12:25] Loaded module: dev.sh
[2026-09-06 09:12:25] Loaded module: files.sh
[2026-09-06 09:12:25] Loaded module: hardware.sh
[2026-09-06 09:12:25] Loaded module: jarvis.sh
[2026-09-06 09:12:25] Loaded module: network.sh
[2026-09-06 09:12:25] Loaded module: security.sh
[2026-09-06 09:14:54] Exited
[2026-09-06 13:00:31] Loaded module: advanced.sh
[2026-09-06 13:00:31] Loaded module: automation.sh
[2026-09-06 13:00:31] Loaded module: core.sh
[2026-09-06 13:00:31] Loaded module: customization.sh
[2026-09-06 13:00:31] Loaded module: dev.sh
[2026-09-06 13:00:31] Loaded module: files.sh
[2026-09-06 13:00:31] Loaded module: hardware.sh
[2026-09-06 13:00:43] Loaded module: jarvis.sh
[2026-09-06 13:00:43] Loaded module: network.sh
[2026-09-06 13:00:43] Loaded module: security.sh
[2026-09-06 13:01:54] Exited
[2026-09-06 13:08:59] Loaded module: advanced.sh
[2026-09-06 13:08:59] Loaded module: automation.sh
[2026-09-06 13:08:59] Loaded module: core.sh
[2026-09-06 13:08:59] Loaded module: customization.sh
[2026-09-06 13:08:59] Loaded module: dev.sh
[2026-09-06 13:08:59] Loaded module: files.sh
[2026-09-06 13:08:59] Loaded module: hardware.sh
[2026-09-06 13:08:59] Loaded module: jarvis.sh
[2026-09-06 13:08:59] Loaded module: network.sh
[2026-09-06 13:08:59] Loaded module: security.sh
[2026-09-06 13:09:54] Exited
[2026-09-06 13:10:12] Loaded module: advanced.sh
[2026-09-06 13:10:12] Loaded module: automation.sh
[2026-09-06 13:10:12] Loaded module: core.sh
[2026-09-06 13:10:12] Loaded module: customization.sh
[2026-09-06 13:10:12] Loaded module: dev.sh
[2026-09-06 13:10:12] Loaded module: files.sh
[2026-09-06 13:10:12] Loaded module: hardware.sh
[2026-09-06 13:10:12] Loaded module: jarvis.sh
[2026-09-06 13:10:12] Loaded module: network.sh
[2026-09-06 13:10:12] Loaded module: security.sh
[2026-09-06 13:11:21] Exited
[2026-09-06 13:11:25] Loaded module: advanced.sh
[2026-09-06 13:11:25] Loaded module: automation.sh
[2026-09-06 13:11:25] Loaded module: core.sh
[2026-09-06 13:11:25] Loaded module: customization.sh
[2026-09-06 13:11:25] Loaded module: dev.sh
[2026-09-06 13:11:25] Loaded module: files.sh
[2026-09-06 13:11:25] Loaded module: hardware.sh
[2026-09-06 13:11:25] Loaded module: jarvis.sh
[2026-09-06 13:11:25] Loaded module: network.sh
[2026-09-06 13:11:25] Loaded module: security.sh
[2026-09-06 13:11:30] Exited
[2026-09-06 13:11:57] Loaded module: advanced.sh
[2026-09-06 13:11:57] Loaded module: automation.sh
[2026-09-06 13:11:57] Loaded module: core.sh
[2026-09-06 13:11:57] Loaded module: customization.sh
[2026-09-06 13:11:57] Loaded module: dev.sh
[2026-09-06 13:11:57] Loaded module: files.sh
[2026-09-06 13:11:57] Loaded module: hardware.sh
[2026-09-06 13:11:57] Loaded module: jarvis.sh
[2026-09-06 13:11:57] Loaded module: network.sh
[2026-09-06 13:11:57] Loaded module: security.sh
[2026-09-06 13:13:35] Exited
[2026-09-06 13:38:42] Loaded module: advanced.sh
[2026-09-06 13:38:42] Loaded module: automation.sh
[2026-09-06 13:38:42] Loaded module: core.sh
[2026-09-06 13:38:42] Loaded module: customization.sh
[2026-09-06 13:38:42] Loaded module: dev.sh
[2026-09-06 13:38:42] Loaded module: files.sh
[2026-09-06 13:38:42] Loaded module: hardware.sh
[2026-09-06 13:38:42] Loaded module: jarvis.sh
[2026-09-06 13:38:42] Loaded module: network.sh
[2026-09-06 13:38:42] Loaded module: security.sh
[2026-09-06 13:41:18] Exited
[2026-09-06 13:42:59] Loaded module: advanced.sh
[2026-09-06 13:42:59] Loaded module: automation.sh
[2026-09-06 13:42:59] Loaded module: core.sh
[2026-09-06 13:42:59] Loaded module: customization.sh
[2026-09-06 13:42:59] Loaded module: dev.sh
[2026-09-06 13:42:59] Loaded module: files.sh
[2026-09-06 13:42:59] Loaded module: hardware.sh
[2026-09-06 13:42:59] Loaded module: jarvis.sh
[2026-09-06 13:42:59] Loaded module: network.sh
[2026-09-06 13:43:00] Loaded module: security.sh
[2026-09-06 13:43:09] Exited
[2026-09-06 13:43:31] Loaded module: advanced.sh
[2026-09-06 13:43:31] Loaded module: automation.sh
[2026-09-06 13:43:31] Loaded module: core.sh
[2026-09-06 13:43:31] Loaded module: customization.sh
[2026-09-06 13:43:31] Loaded module: dev.sh
[2026-09-06 13:43:31] Loaded module: files.sh
[2026-09-06 13:43:31] Loaded module: hardware.sh
[2026-09-06 13:43:31] Loaded module: jarvis.sh
[2026-09-06 13:43:31] Loaded module: network.sh
[2026-09-06 13:43:32] Loaded module: security.sh
[2026-09-06 13:45:30] Exited
[2026-09-06 13:47:29] Loaded module: advanced.sh
[2026-09-06 13:47:29] Loaded module: automation.sh
[2026-09-06 13:47:29] Loaded module: core.sh
[2026-09-06 13:47:29] Loaded module: customization.sh
[2026-09-06 13:47:29] Loaded module: dev.sh
[2026-09-06 13:47:29] Loaded module: files.sh
[2026-09-06 13:47:29] Loaded module: hardware.sh
[2026-09-06 13:47:29] Loaded module: jarvis.sh
[2026-09-06 13:47:29] Loaded module: network.sh
[2026-09-06 13:47:29] Loaded module: security.sh
[2026-09-06 13:47:52] Exited
